// Jest Snapshot v1, https://goo.gl/fbAQLP

exports[`components/Instance renders Instance 1`] = `
<styled.article
  onClick={[Function]}
  running={true}
>
  <header>
    Movie Collection
  </header>
  <styled.div>
    <styled.i
      className="fas fa-play"
    />
  </styled.div>
  <div>
    GraphQL
  </div>
  <div>
    Port: 
    8080
  </div>
  <div>
    Protocol: 
    http
  </div>
</styled.article>
`;
